CLEANED ORIGINAL TEXT OUTPUT:
==================================================
**Original Text:**
```
Steps: 1, Yield: 59%
CAS Reaction Number: 31-172-CAS-23085870
1.1|Reagents: Sodium tert-butoxide
Catalysts: Tris(dibenzylideneacetone)dipalladium, X-Phos
Solvents: Toluene; 12 h, 105 C
B,N-doped PAHs from tridentate Defects
By: Farinone, Marco; et al
```

